// Jest Snapshot v1, https://goo.gl/fbAQLP

exports[`App component works 1`] = `
<App>
  <AppStyles__PhotoGallery>
    <StyledComponent
      forwardedComponent={
        Object {
          "$$typeof": Symbol(react.forward_ref),
          "attrs": Array [],
          "componentStyle": ComponentStyle {
            "componentId": "AppStyles__PhotoGallery-sc-1p402wy-0",
            "isStatic": true,
            "lastClassName": "fIYeEb",
            "rules": Array [
              "padding:5px;justify-content:center;position:static;max-height:100%;max-width:613px;min-height:100%;min-width:352px;position:absolute;",
            ],
          },
          "displayName": "AppStyles__PhotoGallery",
          "foldedComponentIds": Array [],
          "render": [Function],
          "styledComponentId": "AppStyles__PhotoGallery-sc-1p402wy-0",
          "target": "div",
          "toString": [Function],
          "warnTooManyClasses": [Function],
          "withComponent": [Function],
        }
      }
      forwardedRef={null}
    >
      <div
        className="AppStyles__PhotoGallery-sc-1p402wy-0 fIYeEb"
      >
        <AppStyles__Header>
          <StyledComponent
            forwardedComponent={
              Object {
                "$$typeof": Symbol(react.forward_ref),
                "attrs": Array [],
                "componentStyle": ComponentStyle {
                  "componentId": "AppStyles__Header-sc-1p402wy-1",
                  "isStatic": true,
                  "lastClassName": "kKBwwF",
                  "rules": Array [
                    "border-bottom:solid grey 0.5px;padding-bottom:10px;font-size:24px;font-weight:600;line-height:32px;font-family:BrandonText,-apple-system,BlinkMacSystemFont,Segoe UI,Roboto,Helvetica,Arial,sans-serif,Apple Color Emoji,Segoe UI Emoji,Segoe UI Symbol;",
                  ],
                },
                "displayName": "AppStyles__Header",
                "foldedComponentIds": Array [],
                "render": [Function],
                "styledComponentId": "AppStyles__Header-sc-1p402wy-1",
                "target": "h2",
                "toString": [Function],
                "warnTooManyClasses": [Function],
                "withComponent": [Function],
              }
            }
            forwardedRef={null}
          >
            <h2
              className="AppStyles__Header-sc-1p402wy-1 kKBwwF"
            />
          </StyledComponent>
        </AppStyles__Header>
        <Gallery
          data={Array []}
          imgTotal={0}
        >
          <div />
        </Gallery>
      </div>
    </StyledComponent>
  </AppStyles__PhotoGallery>
</App>
`;
